
> omgexp-tracker@0.1.0 build
> next build

   ▲ Next.js 15.2.6
   - Environments: .env.local

   Creating an optimized production build ...
 ✓ Compiled successfully
   Linting and checking validity of types ...
node.exe : 
At C:\Program Files\no
dejs\npm.ps1:29 char:3
+   & $NODE_EXE 
$NPM_CLI_JS $args
+   ~~~~~~~~~~~~~~~~~~
~~~~~~~~~~~
    + CategoryInfo    
          : NotSpeci  
  fied: (:String) [   
 ], RemoteExceptio    
n
    + FullyQualifiedE 
   rrorId : NativeCo  
  mmandError
 
Failed to compile.

./src/app/api/telegram
/webhook/route.ts
43:16  Error: 'sendTel
egramDocument' is 
defined but never 
used.  @typescript-esl
int/no-unused-vars

info  - Need to 
disable some ESLint 
rules? Learn more 
here: https://nextjs.o
rg/docs/app/api-refere
nce/config/eslint#disa
bling-rules
